jaspy-nexus 2.2.0 starting
[db] connecting to postgresql:///jaspy (waits up to 30s before giving up)
[discovery] no persisted config, using JASPY_DISCOVERY_* env seed
[pinger] disabled via JASPY_ENABLE_PINGER
[imds] refreshing device metadata from db every 10s
[entitypoller] starting in-process collector (snmpbot=http://127.0.0.1:8286/, interval_msecs=120000, sensors=true, stp=true)
[poller] starting in-process collector (snmpbot=http://127.0.0.1:8286/, poll_loop_msecs=10000)
[db] connecting to postgresql:///jaspy (waits up to 30s before giving up)
[discovery] starting in-process engine (snmpbot=http://127.0.0.1:8286/)
[db] connecting to postgresql:///jaspy (waits up to 30s before giving up)
[db] connecting to postgresql:///jaspy (waits up to 30s before giving up)
[db] connecting to postgresql:///jaspy (waits up to 30s before giving up)
Configured for debug.
   >> address: 127.0.0.1
   >> port: 8000
   >> workers: 12
   >> max blocking threads: 512
   >> ident: Rocket
   >> IP header: X-Real-IP
   >> limits: bytes = 8KiB, data-form = 2MiB, file = 1MiB, form = 32KiB, json = 1MiB, msgpack = 1MiB, string = 8KiB
   >> temp dir: /var/folders/jq/ll18s6jx2jsdyyryv5gmg03c0000gn/T/
   >> http/2: true
   >> keep-alive: 5s
   >> tls: disabled
   >> shutdown: ctrlc = true, force = true, signals = [SIGTERM], grace = 2s, mercy = 3s
   >> log level: normal
   >> cli colors: true
Routes:
   >> (spa) GET /<path..> [20]
   >> (event_get) GET /api/v1/event
   >> (event_put) PUT /api/v1/event
   >> (reset) POST /api/v1/reset
   >> (summary) GET /api/v1/summary
   >> (devices) GET /api/v1/devices
   >> (device_create) POST /api/v1/devices
   >> (clientlocations) GET /api/v1/clientlocations
   >> (device_detail) GET /api/v1/devices/<device_fqdn>
   >> (device_update) PUT /api/v1/devices/<device_fqdn>
   >> (device_delete) DELETE /api/v1/devices/<device_fqdn>
   >> (list) GET /dev/device/
   >> (create) POST /dev/device/
   >> (monitored_device_list) GET /dev/device/monitor
   >> (monitored_device_report) PUT /dev/device/monitor
   >> (clear_device_connection) DELETE /dev/device/connections?<device_fqdn>
   >> (get_device) GET /dev/device/<device_fqdn>
   >> (update) PUT /dev/device/<device_fqdn>
   >> (delete) DELETE /dev/device/<device_fqdn>
   >> (device_status) GET /dev/device/<device_fqdn>/status
   >> (interfaces) GET /dev/device/<device_fqdn>/interfaces
   >> (device_interface_status) GET /dev/device/<device_fqdn>/status/interfaces
   >> (metrics) GET /dev/metrics/
   >> (metrics_fast) GET /dev/metrics/fast
   >> (interface_list) GET /dev/interface/?<device_fqdn>
   >> (discovery_run) POST /dev/discovery/run
   >> (discovery_links) PUT /dev/discovery/links
   >> (discovery_device) PUT /dev/discovery/device
   >> (discovery_status) GET /dev/discovery/status
   >> (discovery_get_config) GET /dev/discovery/config
   >> (discovery_put_config) PUT /dev/discovery/config
   >> (interface_monitor_report) PUT /dev/interface/monitor
   >> (full_topology_data) GET /dev/weathermap/
   >> (state_information) GET /dev/weathermap/state
   >> (get_position_data) GET /dev/weathermap/position
   >> (put_position_data) PUT /dev/weathermap/position
   >> (get_clientlocation) GET /dev/clientlocation/?<client_address>
   >> (put_clientlocation) PUT /dev/clientlocation/
   >> (discovery_run) POST /api/v1/discovery/run
   >> (discovery_status) GET /api/v1/discovery/status
   >> (discovery_get_config) GET /api/v1/discovery/config
   >> (discovery_put_config) PUT /api/v1/discovery/config
Fairings:
   >> Shield (liftoff, response, singleton)
Shield:
   >> Permissions-Policy: interest-cohort=()
   >> X-Content-Type-Options: nosniff
   >> X-Frame-Options: SAMEORIGIN
Rocket has launched from http://127.0.0.1:8000
[ticket-sw2.juhonkoti.net] start polling thread, delay=1378.23ms
GET /api/v1/discovery/status:
   >> Matched: (discovery_status) GET /api/v1/discovery/status
   >> Outcome: Success(200 OK)
   >> Response succeeded.
[ticket-sw2.juhonkoti.net] polling
PUT /api/v1/discovery/config application/json:
   >> Matched: (discovery_put_config) PUT /api/v1/discovery/config
   >> Outcome: Success(200 OK)
   >> Response succeeded.
GET /api/v1/discovery/status:
   >> Matched: (discovery_status) GET /api/v1/discovery/status
   >> Outcome: Success(200 OK)
   >> Response succeeded.
GET /api/v1/summary:
   >> Matched: (summary) GET /api/v1/summary
   >> Outcome: Success(200 OK)
   >> Response succeeded.
POST /api/v1/discovery/run application/json:
   >> Matched: (discovery_run) POST /api/v1/discovery/run
   >> Outcome: Success(202 Accepted)
   >> Response succeeded.
GET /api/v1/discovery/status:
   >> Matched: (discovery_status) GET /api/v1/discovery/status
   >> Outcome: Success(200 OK)
   >> Response succeeded.
[discovery] starting run (root=ticket-sw2.juhonkoti.net, stable=true)
[discovery] [ticket-sw2.juhonkoti.net] started polling device
[discovery] [ticket-sw2.juhonkoti.net] duplicate lldp index, only first entry is used
[discovery] [ticket-sw2.juhonkoti.net] duplicate lldp index, only first entry is used
[discovery] [ticket-sw2.juhonkoti.net] duplicate lldp index, only first entry is used
[discovery] [ticket-sw2.juhonkoti.net] duplicate lldp index, only first entry is used
[discovery] [ticket-sw2.juhonkoti.net] duplicate lldp index, only first entry is used
[discovery] failed to resolve minis1 using any search domain
[discovery] [Dream-Machine-Pro-Max.juhonkoti.net] started polling device
[discovery] [ticket-sw2.juhonkoti.net] finished polling device
[discovery] [Dream-Machine-Pro-Max.juhonkoti.net] could not derive chassis id when requested!
[discovery] [Dream-Machine-Pro-Max.juhonkoti.net] finished polling device
[discovery] LINK ticket-sw2.juhonkoti.net:Gi0/8 -> Dream-Machine-Pro-Max.juhonkoti.net:eth0
[discovery] failed to resolve minis1 using any search domain
[discovery] [Dream-Machine-Pro-Max.juhonkoti.net] could not derive chassis id when requested!
[discovery] run finished: 2 devices, 1 links
[Dream-Machine-Pro-Max.juhonkoti.net] start polling thread, delay=8.29ms
[Dream-Machine-Pro-Max.juhonkoti.net] polling
[ticket-sw2.juhonkoti.net] polling
GET /api/v1/discovery/status:
   >> Matched: (discovery_status) GET /api/v1/discovery/status
   >> Outcome: Success(200 OK)
   >> Response succeeded.
GET /api/v1/summary:
   >> Matched: (summary) GET /api/v1/summary
   >> Outcome: Success(200 OK)
   >> Response succeeded.
GET /api/v1/discovery/status:
   >> Matched: (discovery_status) GET /api/v1/discovery/status
   >> Outcome: Success(200 OK)
   >> Response succeeded.
GET /api/v1/devices:
   >> Matched: (devices) GET /api/v1/devices
   >> Outcome: Success(200 OK)
   >> Response succeeded.
[Dream-Machine-Pro-Max.juhonkoti.net] polling
[ticket-sw2.juhonkoti.net] polling
GET /api/v1/summary:
   >> Matched: (summary) GET /api/v1/summary
   >> Outcome: Success(200 OK)
   >> Response succeeded.
GET /api/v1/devices:
   >> Matched: (devices) GET /api/v1/devices
   >> Outcome: Success(200 OK)
   >> Response succeeded.
[Dream-Machine-Pro-Max.juhonkoti.net] polling
[ticket-sw2.juhonkoti.net] polling
GET /api/v1/summary:
   >> Matched: (summary) GET /api/v1/summary
   >> Outcome: Success(200 OK)
   >> Response succeeded.
GET /api/v1/devices:
   >> Matched: (devices) GET /api/v1/devices
   >> Outcome: Success(200 OK)
   >> Response succeeded.
[Dream-Machine-Pro-Max.juhonkoti.net] polling
[ticket-sw2.juhonkoti.net] polling
GET /api/v1/devices/ticket-sw2.juhonkoti.net:
   >> Matched: (device_detail) GET /api/v1/devices/<device_fqdn>
   >> Note: Using `String` as a parameter type is inefficient. Use `&str` instead.
   >> `String` is used a parameter guard in src/routes/api/v1.rs:96.
   >> Outcome: Success(200 OK)
   >> Response succeeded.
GET /api/v1/summary:
   >> Matched: (summary) GET /api/v1/summary
   >> Outcome: Success(200 OK)
   >> Response succeeded.
[Dream-Machine-Pro-Max.juhonkoti.net] polling
[ticket-sw2.juhonkoti.net] polling
GET /api/v1/devices/ticket-sw2.juhonkoti.net:
   >> Matched: (device_detail) GET /api/v1/devices/<device_fqdn>
   >> Note: Using `String` as a parameter type is inefficient. Use `&str` instead.
   >> `String` is used a parameter guard in src/routes/api/v1.rs:96.
   >> Outcome: Success(200 OK)
   >> Response succeeded.
GET /api/v1/summary:
   >> Matched: (summary) GET /api/v1/summary
   >> Outcome: Success(200 OK)
   >> Response succeeded.
[Dream-Machine-Pro-Max.juhonkoti.net] polling
[ticket-sw2.juhonkoti.net] polling
GET /api/v1/devices/ticket-sw2.juhonkoti.net:
   >> Matched: (device_detail) GET /api/v1/devices/<device_fqdn>
   >> Note: Using `String` as a parameter type is inefficient. Use `&str` instead.
   >> `String` is used a parameter guard in src/routes/api/v1.rs:96.
   >> Outcome: Success(200 OK)
   >> Response succeeded.
GET /api/v1/summary:
   >> Matched: (summary) GET /api/v1/summary
   >> Outcome: Success(200 OK)
   >> Response succeeded.
[Dream-Machine-Pro-Max.juhonkoti.net] polling
[ticket-sw2.juhonkoti.net] polling
GET /api/v1/devices/ticket-sw2.juhonkoti.net:
   >> Matched: (device_detail) GET /api/v1/devices/<device_fqdn>
   >> Note: Using `String` as a parameter type is inefficient. Use `&str` instead.
   >> `String` is used a parameter guard in src/routes/api/v1.rs:96.
   >> Outcome: Success(200 OK)
   >> Response succeeded.
GET /api/v1/summary:
   >> Matched: (summary) GET /api/v1/summary
   >> Outcome: Success(200 OK)
   >> Response succeeded.
[Dream-Machine-Pro-Max.juhonkoti.net] polling
[ticket-sw2.juhonkoti.net] polling
GET /api/v1/devices/ticket-sw2.juhonkoti.net:
   >> Matched: (device_detail) GET /api/v1/devices/<device_fqdn>
   >> Note: Using `String` as a parameter type is inefficient. Use `&str` instead.
   >> `String` is used a parameter guard in src/routes/api/v1.rs:96.
   >> Outcome: Success(200 OK)
   >> Response succeeded.
GET /api/v1/summary:
   >> Matched: (summary) GET /api/v1/summary
   >> Outcome: Success(200 OK)
   >> Response succeeded.
[Dream-Machine-Pro-Max.juhonkoti.net] polling
[ticket-sw2.juhonkoti.net] polling
GET /api/v1/devices/ticket-sw2.juhonkoti.net:
   >> Matched: (device_detail) GET /api/v1/devices/<device_fqdn>
   >> Note: Using `String` as a parameter type is inefficient. Use `&str` instead.
   >> `String` is used a parameter guard in src/routes/api/v1.rs:96.
   >> Outcome: Success(200 OK)
   >> Response succeeded.
GET /api/v1/summary:
   >> Matched: (summary) GET /api/v1/summary
   >> Outcome: Success(200 OK)
   >> Response succeeded.
[Dream-Machine-Pro-Max.juhonkoti.net] polling
[ticket-sw2.juhonkoti.net] polling
GET /api/v1/devices/ticket-sw2.juhonkoti.net:
   >> Matched: (device_detail) GET /api/v1/devices/<device_fqdn>
   >> Note: Using `String` as a parameter type is inefficient. Use `&str` instead.
   >> `String` is used a parameter guard in src/routes/api/v1.rs:96.
   >> Outcome: Success(200 OK)
   >> Response succeeded.
GET /api/v1/summary:
   >> Matched: (summary) GET /api/v1/summary
   >> Outcome: Success(200 OK)
   >> Response succeeded.
[Dream-Machine-Pro-Max.juhonkoti.net] polling
[ticket-sw2.juhonkoti.net] polling
GET /api/v1/devices/ticket-sw2.juhonkoti.net:
   >> Matched: (device_detail) GET /api/v1/devices/<device_fqdn>
   >> Note: Using `String` as a parameter type is inefficient. Use `&str` instead.
   >> `String` is used a parameter guard in src/routes/api/v1.rs:96.
   >> Outcome: Success(200 OK)
   >> Response succeeded.
GET /api/v1/summary:
   >> Matched: (summary) GET /api/v1/summary
   >> Outcome: Success(200 OK)
   >> Response succeeded.
[Dream-Machine-Pro-Max.juhonkoti.net] polling
[ticket-sw2.juhonkoti.net] polling
GET /api/v1/devices/ticket-sw2.juhonkoti.net:
   >> Matched: (device_detail) GET /api/v1/devices/<device_fqdn>
   >> Note: Using `String` as a parameter type is inefficient. Use `&str` instead.
   >> `String` is used a parameter guard in src/routes/api/v1.rs:96.
   >> Outcome: Success(200 OK)
   >> Response succeeded.
GET /api/v1/summary:
   >> Matched: (summary) GET /api/v1/summary
   >> Outcome: Success(200 OK)
   >> Response succeeded.
[Dream-Machine-Pro-Max.juhonkoti.net] polling
[ticket-sw2.juhonkoti.net] polling
GET /api/v1/devices/ticket-sw2.juhonkoti.net:
   >> Matched: (device_detail) GET /api/v1/devices/<device_fqdn>
   >> Note: Using `String` as a parameter type is inefficient. Use `&str` instead.
   >> `String` is used a parameter guard in src/routes/api/v1.rs:96.
   >> Outcome: Success(200 OK)
   >> Response succeeded.
GET /api/v1/summary:
   >> Matched: (summary) GET /api/v1/summary
   >> Outcome: Success(200 OK)
   >> Response succeeded.
[Dream-Machine-Pro-Max.juhonkoti.net] polling
[ticket-sw2.juhonkoti.net] polling
GET /api/v1/devices/ticket-sw2.juhonkoti.net:
   >> Matched: (device_detail) GET /api/v1/devices/<device_fqdn>
   >> Note: Using `String` as a parameter type is inefficient. Use `&str` instead.
   >> `String` is used a parameter guard in src/routes/api/v1.rs:96.
   >> Outcome: Success(200 OK)
   >> Response succeeded.
GET /api/v1/summary:
   >> Matched: (summary) GET /api/v1/summary
   >> Outcome: Success(200 OK)
   >> Response succeeded.
[Dream-Machine-Pro-Max.juhonkoti.net] polling
[ticket-sw2.juhonkoti.net] polling
GET /api/v1/devices/ticket-sw2.juhonkoti.net:
   >> Matched: (device_detail) GET /api/v1/devices/<device_fqdn>
   >> Note: Using `String` as a parameter type is inefficient. Use `&str` instead.
   >> `String` is used a parameter guard in src/routes/api/v1.rs:96.
   >> Outcome: Success(200 OK)
   >> Response succeeded.
GET /api/v1/summary:
   >> Matched: (summary) GET /api/v1/summary
   >> Outcome: Success(200 OK)
   >> Response succeeded.
[Dream-Machine-Pro-Max.juhonkoti.net] polling
[ticket-sw2.juhonkoti.net] polling
GET /api/v1/devices/ticket-sw2.juhonkoti.net:
   >> Matched: (device_detail) GET /api/v1/devices/<device_fqdn>
   >> Note: Using `String` as a parameter type is inefficient. Use `&str` instead.
   >> `String` is used a parameter guard in src/routes/api/v1.rs:96.
   >> Outcome: Success(200 OK)
   >> Response succeeded.
GET /api/v1/summary:
   >> Matched: (summary) GET /api/v1/summary
   >> Outcome: Success(200 OK)
   >> Response succeeded.
[Dream-Machine-Pro-Max.juhonkoti.net] polling
[ticket-sw2.juhonkoti.net] polling
GET /api/v1/devices/ticket-sw2.juhonkoti.net:
   >> Matched: (device_detail) GET /api/v1/devices/<device_fqdn>
   >> Note: Using `String` as a parameter type is inefficient. Use `&str` instead.
   >> `String` is used a parameter guard in src/routes/api/v1.rs:96.
   >> Outcome: Success(200 OK)
   >> Response succeeded.
GET /api/v1/summary:
   >> Matched: (summary) GET /api/v1/summary
   >> Outcome: Success(200 OK)
   >> Response succeeded.
[Dream-Machine-Pro-Max.juhonkoti.net] polling
[ticket-sw2.juhonkoti.net] polling
GET /api/v1/devices/ticket-sw2.juhonkoti.net:
   >> Matched: (device_detail) GET /api/v1/devices/<device_fqdn>
   >> Note: Using `String` as a parameter type is inefficient. Use `&str` instead.
   >> `String` is used a parameter guard in src/routes/api/v1.rs:96.
   >> Outcome: Success(200 OK)
   >> Response succeeded.
GET /api/v1/discovery/config:
   >> Matched: (discovery_get_config) GET /api/v1/discovery/config
   >> Outcome: Success(200 OK)
   >> Response succeeded.
GET /api/v1/discovery/status:
   >> Matched: (discovery_status) GET /api/v1/discovery/status
   >> Outcome: Success(200 OK)
   >> Response succeeded.
GET /api/v1/summary:
   >> Matched: (summary) GET /api/v1/summary
   >> Outcome: Success(200 OK)
   >> Response succeeded.
GET /api/v1/devices:
   >> Matched: (devices) GET /api/v1/devices
   >> Outcome: Success(200 OK)
   >> Response succeeded.
[Dream-Machine-Pro-Max.juhonkoti.net] polling
GET /devices text/html:
   >> Matched: (spa) GET /<path..> [20]
   >> Outcome: Success(200 OK)
   >> Response succeeded.
GET /assets/index-CMC37d_s.js:
   >> Matched: (spa) GET /<path..> [20]
   >> Outcome: Success(200 OK)
GET /assets/index-DCw0Ua5g.css text/css:
   >> Matched: (spa) GET /<path..> [20]
   >> Outcome: Success(200 OK)
   >> Response succeeded.
   >> Response succeeded.
GET /api/v1/devices:
   >> Matched: (devices) GET /api/v1/devices
   >> Outcome: Success(200 OK)
   >> Response succeeded.
GET /api/v1/summary:
   >> Matched: (summary) GET /api/v1/summary
   >> Outcome: Success(200 OK)
   >> Response succeeded.
[ticket-sw2.juhonkoti.net] polling
GET /devices text/html:
   >> Matched: (spa) GET /<path..> [20]
   >> Outcome: Success(200 OK)
   >> Response succeeded.
GET /assets/index-CMC37d_s.js:
   >> Matched: (spa) GET /<path..> [20]
   >> Outcome: Success(200 OK)
GET /assets/index-DCw0Ua5g.css text/css:
   >> Matched: (spa) GET /<path..> [20]
   >> Outcome: Success(200 OK)
   >> Response succeeded.
   >> Response succeeded.
GET /api/v1/devices:
GET /api/v1/summary:
   >> Matched: (devices) GET /api/v1/devices
   >> Matched: (summary) GET /api/v1/summary
   >> Outcome: Success(200 OK)
   >> Response succeeded.
   >> Outcome: Success(200 OK)
   >> Response succeeded.
[Dream-Machine-Pro-Max.juhonkoti.net] polling
[ticket-sw2.juhonkoti.net] polling
GET /api/v1/devices:
   >> Matched: (devices) GET /api/v1/devices
   >> Outcome: Success(200 OK)
   >> Response succeeded.
GET /api/v1/summary:
   >> Matched: (summary) GET /api/v1/summary
   >> Outcome: Success(200 OK)
   >> Response succeeded.
[Dream-Machine-Pro-Max.juhonkoti.net] polling
[ticket-sw2.juhonkoti.net] polling
GET /api/v1/devices:
   >> Matched: (devices) GET /api/v1/devices
   >> Outcome: Success(200 OK)
   >> Response succeeded.
GET /api/v1/summary:
   >> Matched: (summary) GET /api/v1/summary
   >> Outcome: Success(200 OK)
   >> Response succeeded.
[Dream-Machine-Pro-Max.juhonkoti.net] polling
[ticket-sw2.juhonkoti.net] polling
[Dream-Machine-Pro-Max.juhonkoti.net] polling
[ticket-sw2.juhonkoti.net] polling
[Dream-Machine-Pro-Max.juhonkoti.net] polling
[ticket-sw2.juhonkoti.net] polling
[Dream-Machine-Pro-Max.juhonkoti.net] polling
[ticket-sw2.juhonkoti.net] polling
[Dream-Machine-Pro-Max.juhonkoti.net] polling
[ticket-sw2.juhonkoti.net] polling
[Dream-Machine-Pro-Max.juhonkoti.net] polling
[ticket-sw2.juhonkoti.net] polling
